Application.c:145:6:AppTimeTask	8	static
Application.c:250:10:AppGetVoutage	8	static
Application.c:307:6:zerar	0	static
Application.c:310:10:fgdfgd	8	static
Application.c:316:10:getFreq	0	static
Application.c:374:6:AppReadConfig	8	static
Application.c:388:6:AppCapture	0	static
Application.c:394:6:AppSaveConfig	32	static
Application.c:580:6:CarregaBuffer_LCD	24	static
Application.c:221:6:AppHorimetro	8	static
Application.c:229:6:AppHorimetroCyvles	8	static
Application.c:256:6:AppHorimetroVoutage	8	static
Application.c:265:6:AppHorimetroPercentVoutage	16	static
Application.c:321:6:AppHorimetroRpm	8	static
Application.c:331:6:AppHorimetroPercentRpm	8	static
Application.c:359:6:AppHorimetroTeste	16	static
Application.c:676:6:Atualiza_LCD	16	static
Application.c:175:6:ApplicationInit	8	static
Application.c:461:6:ApplicationTask	8	static
